// Jest Snapshot v1, https://goo.gl/fbAQLP

exports[`renders demo correctly 1`] = `
<div>
  <div>
    <div class="van-card">
      <div class="van-card__header"><a class="van-card__thumb">
          <div class="van-image" style="width: 100%; height: 100%;"><img src="https://img.yzcdn.cn/vant/t-thirt.jpg" class="van-image__img" style="object-fit: contain;">
            <div class="van-image__loading"><i class="van-icon van-icon-photo-o" style="font-size: 22px;">
                <!----></i></div>
          </div>
        </a>
        <div class="van-card__content">
          <div class="van-card__title">商品名称</div>
          <div class="van-card__desc van-ellipsis">描述信息</div>
          <div class="van-card__bottom">
            <div class="van-card__price">¥ 2.00</div>
            <div class="van-card__num">x 2</div>
          </div>
        </div>
      </div>
    </div>
  </div>
  <div>
    <div class="van-card">
      <div class="van-card__header"><a class="van-card__thumb">
          <div class="van-image" style="width: 100%; height: 100%;"><img src="https://img.yzcdn.cn/vant/t-thirt.jpg" class="van-image__img" style="object-fit: contain;">
            <div class="van-image__loading"><i class="van-icon van-icon-photo-o" style="font-size: 22px;">
                <!----></i></div>
          </div>
          <div class="van-card__tag"><span class="van-tag van-tag--mark van-tag--danger">标签</span></div>
        </a>
        <div class="van-card__content">
          <div class="van-card__title">商品名称</div>
          <div class="van-card__desc van-ellipsis">描述信息</div>
          <div class="van-card__bottom">
            <div class="van-card__price">¥ 2.00</div>
            <div class="van-card__origin-price">¥ 10.00</div>
            <div class="van-card__num">x 2</div>
          </div>
        </div>
      </div>
    </div>
  </div>
  <div>
    <div class="van-card">
      <div class="van-card__header"><a class="van-card__thumb">
          <div class="van-image" style="width: 100%; height: 100%;"><img src="https://img.yzcdn.cn/vant/t-thirt.jpg" class="van-image__img" style="object-fit: contain;">
            <div class="van-image__loading"><i class="van-icon van-icon-photo-o" style="font-size: 22px;">
                <!----></i></div>
          </div>
        </a>
        <div class="van-card__content">
          <div class="van-card__title">商品名称</div>
          <div class="van-card__desc van-ellipsis">描述信息</div>
          <div><span class="van-tag van-tag--plain van-tag--danger van-hairline--surround" style="margin-right: 5px;">
            标签
          </span> <span class="van-tag van-tag--plain van-tag--danger van-hairline--surround">
            标签
          </span></div>
          <div class="van-card__bottom">
            <div class="van-card__price">¥ 2.00</div>
            <div class="van-card__num">x 2</div>
          </div>
        </div>
      </div>
      <div class="van-card__footer">
        <div><button class="van-button van-button--default van-button--mini van-button--round"><span class="van-button__text">
            按钮
          </span></button> <button class="van-button van-button--default van-button--mini van-button--round"><span class="van-button__text">
            按钮
          </span></button></div>
      </div>
    </div>
  </div>
</div>
`;
