// Jest Snapshot v1, https://goo.gl/fbAQLP

exports[`renders demo correctly 1`] = `
<div>
  <div class="van-tabs van-tabs--line">
    <div class="van-tabs__wrap van-hairline--top-bottom">
      <div role="tablist" class="van-tabs__nav van-tabs__nav--line">
        <div role="tab" aria-selected="true" class="van-tab van-tab--active"><span class="van-ellipsis">基础用法</span></div>
        <div role="tab" class="van-tab"><span class="van-ellipsis">错误提示</span></div>
        <div class="van-tabs__line" style="width: 0px; transform: translateX(0px) translateX(-50%);"></div>
      </div>
    </div>
    <div class="van-tabs__content">
      <div role="tabpanel" class="van-tab__pane" style="">
        <div class="van-pull-refresh">
          <div class="van-pull-refresh__track" style="transition: 0ms;">
            <div class="van-pull-refresh__head"></div>
            <div role="feed" class="van-list" aria-busy="true">
              <div class="van-list__loading">
                <div class="van-loading van-loading--circular"><span class="van-loading__spinner van-loading__spinner--circular" style="color: rgb(201, 201, 201); width: 16px; height: 16px;"><svg viewBox="25 25 50 50" class="van-loading__circular"><circle cx="50" cy="50" r="20" fill="none"></circle></svg></span><span class="van-loading__text">加载中...</span></div>
              </div>
              <div class="van-list__placeholder"></div>
            </div>
          </div>
        </div>
      </div>
      <div role="tabpanel" class="van-tab__pane" style="display: none;">
        <!---->
      </div>
    </div>
  </div>
</div>
`;
