// Jest Snapshot v1, https://goo.gl/fbAQLP

exports[`renders demo correctly 1`] = `
<div>
  <div><span class="van-tag van-tag--default">标签</span> <span class="van-tag van-tag--danger">标签</span> <span class="van-tag van-tag--primary">标签</span> <span class="van-tag van-tag--success">标签</span></div>
  <div><span class="van-tag van-tag--plain van-tag--default van-hairline--surround">标签</span> <span class="van-tag van-tag--plain van-tag--round van-tag--danger van-hairline--surround">
      标签
    </span> <span class="van-tag van-tag--plain van-tag--round van-tag--primary van-hairline--surround">
      标签
    </span> <span class="van-tag van-tag--plain van-tag--success van-hairline--surround">
      标签
    </span></div>
  <div><span class="van-tag van-tag--round van-tag--default">标签</span> <span class="van-tag van-tag--round van-tag--danger">
      标签
    </span> <span class="van-tag van-tag--round van-tag--primary">
      标签
    </span> <span class="van-tag van-tag--round van-tag--success">
      标签
    </span></div>
  <div><span class="van-tag van-tag--mark van-tag--default">标签</span> <span class="van-tag van-tag--mark van-tag--danger">
      标签
    </span> <span class="van-tag van-tag--mark van-tag--primary">
      标签
    </span> <span class="van-tag van-tag--mark van-tag--success">
      标签
    </span></div>
  <div><span class="van-tag van-tag--default" style="background-color: rgb(242, 130, 106);">标签</span> <span class="van-tag van-tag--plain van-tag--default van-hairline--surround" style="color: rgb(242, 130, 106);">
      标签
    </span> <span class="van-tag van-tag--default" style="background-color: rgb(114, 50, 221);">标签</span> <span class="van-tag van-tag--plain van-tag--default van-hairline--surround" style="color: rgb(114, 50, 221);">
      标签
    </span> <span class="van-tag van-tag--default" style="background-color: rgb(255, 225, 225); color: rgb(173, 0, 0);">
      标签
    </span></div>
  <div><span class="van-tag van-tag--danger">标签</span> <span class="van-tag van-tag--medium van-tag--danger">
      标签
    </span> <span class="van-tag van-tag--large van-tag--danger">
      标签
    </span></div>
</div>
`;
